// Jest Snapshot v1, https://goo.gl/fbAQLP

exports[`process should return the correct JS 1`] = `
"const {cucumber} = require(\\"stucumber\\"); const _cucumber = cucumber.clone();describe(\\"Feature: using feature files in jest\\", () => {const feature = {\\"name\\":\\"using feature files in jest\\",\\"annotations\\":[{\\"name\\":\\"someAttribute\\",\\"arguments\\":[]}],\\"meta\\":{}};beforeAll(() => {_cucumber.defineRule(\\"I {op:word} {a:int} and {b:int}\\", (world, params) => Promise.resolve().then(() => _cucumber.rule(world, \\"I have numbers <a> and <b>\\", null, params)).then(() => _cucumber.rule(world, \\"I <op> them\\", null, params)));_cucumber.enterFeature(feature);
      });afterAll(() => _cucumber.exitFeature(feature));it(\\"a simple arithmetic test\\", () => {const world = _cucumber.createWorld();const scenario = {\\"name\\":\\"a simple arithmetic test\\",\\"annotations\\":[{\\"name\\":\\"some-other-attribute\\",\\"arguments\\":[]}],\\"meta\\":{}, \\"feature\\": feature};return _cucumber.enterScenario(world, scenario).then(() => _cucumber.rule(world, \\"I have numbers 3 and 4\\", null)).then(() => _cucumber.rule(world, \\"I add them\\", null)).then(() => _cucumber.rule(world, \\"I get 7\\", null)).then(() => _cucumber.exitScenario(world, scenario));});it(\\"a more complex test\\", () => {const world = _cucumber.createWorld();const scenario = {\\"name\\":\\"a more complex test\\",\\"annotations\\":[],\\"meta\\":{}, \\"feature\\": feature};return _cucumber.enterScenario(world, scenario).then(() => _cucumber.rule(world, \\"I have numbers 6 and 4\\", null)).then(() => _cucumber.rule(world, \\"I subtract them\\", null)).then(() => _cucumber.rule(world, \\"I get 2\\", null)).then(() => _cucumber.exitScenario(world, scenario));});it(\\"a more complex test\\", () => {const world = _cucumber.createWorld();const scenario = {\\"name\\":\\"a more complex test\\",\\"annotations\\":[],\\"meta\\":{}, \\"feature\\": feature};return _cucumber.enterScenario(world, scenario).then(() => _cucumber.rule(world, \\"I have numbers 8 and 2\\", null)).then(() => _cucumber.rule(world, \\"I divide them\\", null)).then(() => _cucumber.rule(world, \\"I get 4\\", null)).then(() => _cucumber.exitScenario(world, scenario));});it(\\"using declared rules\\", () => {const world = _cucumber.createWorld();const scenario = {\\"name\\":\\"using declared rules\\",\\"annotations\\":[],\\"meta\\":{}, \\"feature\\": feature};return _cucumber.enterScenario(world, scenario).then(() => _cucumber.rule(world, \\"I add 3 and 4\\", null)).then(() => _cucumber.rule(world, \\"I get 7\\", null)).then(() => _cucumber.exitScenario(world, scenario));});});
//# sourceMappingURL=data:application/json;charset=utf-8;base64,eyJ2ZXJzaW9uIjozLCJzb3VyY2VzIjpbInRlc3QuanMiXSwibmFtZXMiOltdLCJtYXBwaW5ncyI6IkFBQUMsNEVBQ1Esa01BS0Qsd0dBQ0YsaUVBREUsYUFFRixrREFGRSxHQUxDO0FBQUEsd0RBVUcseVJBQ0YscURBREUsYUFFSCx5Q0FGRyxhQUdILHNDQUhHLHlEQUtRLGlPQUNWLHFEQURVLGFBRVgsOENBRlcsYUFHWCxzQ0FIVywwUkFDVixxREFEVSxhQUVYLDRDQUZXLGFBR1gsc0NBSFcseURBVVIsbU9BQ0YsNENBREUsYUFFSCxzQ0FGRyx5REF6QkgiLCJmaWxlIjoidGVzdC5qcyJ9"
`;
